// Jest Snapshot v1, https://goo.gl/fbAQLP

exports[`SearchForm page  should match snapshot 1`] = `
<React.Fragment>
  <form
    className="search-form"
  >
    <input
      className="form-control"
      name="ownerName"
      onChange={[Function]}
      placeholder="Owner Name"
      type="text"
      value=""
    />
    <span>
      /
    </span>
    <input
      className="form-control"
      name="repoName"
      onChange={[Function]}
      placeholder="Repository Name"
      type="text"
      value=""
    />
    <button
      className="btn btn-primary"
      onClick={[Function]}
    >
      Search
    </button>
  </form>
</React.Fragment>
`;
