// Jest Snapshot v1, https://goo.gl/fbAQLP

exports[`Home page  should render correctly 1`] = `
<React.Fragment>
  <PureComponent />
  <section
    className="content"
  >
    <h1>
      This website will give statistics about repos which are hosted on Github
    </h1>
    <a
      className="btn btn-social btn-github"
      href="/auth/github"
    >
      <span
        className="fa fa-github"
      />
       Sign in with Github
    </a>
  </section>
</React.Fragment>
`;
